Archive member included because of file (symbol)

c:/winavr-20090313/bin/../lib/gcc/avr/4.3.2/avr25\libgcc.a(_mulhi3.o)
                              timer.o (__mulhi3)
c:/winavr-20090313/bin/../lib/gcc/avr/4.3.2/avr25\libgcc.a(_exit.o)
                              c:/winavr-20090313/bin/../lib/gcc/avr/4.3.2/../../../../avr/lib/avr25/crttn45.o (exit)
c:/winavr-20090313/bin/../lib/gcc/avr/4.3.2/avr25\libgcc.a(_copy_data.o)
                              TinyRC.o (__do_copy_data)
c:/winavr-20090313/bin/../lib/gcc/avr/4.3.2/avr25\libgcc.a(_clear_bss.o)
                              TinyRC.o (__do_clear_bss)

Allocating common symbols
Common symbol       size              file

timerHi             0x1               TinyRC.o
lastPCTime          0x2               TinyRC.o
timeBuffer          0x8               TinyRC.o
inPin               0x10              TinyRC.o
lastTimerVal        0x2               timer.o
lastTime            0x2               TinyRC.o
ch_order_in         0x8               TinyRC.o
outBit              0x8               TinyRC.o
outPort             0x10              TinyRC.o
inBit               0x8               TinyRC.o
ch_order_out        0x8               TinyRC.o
pinBuffer           0x8               TinyRC.o

Memory Configuration

Name             Origin             Length             Attributes
text             0x00000000         0x00002000         xr
data             0x00800060         0x0000ffa0         rw !x
eeprom           0x00810000         0x00010000         rw !x
fuse             0x00820000         0x00000400         rw !x
lock             0x00830000         0x00000400         rw !x
signature        0x00840000         0x00000400         rw !x
*default*        0x00000000         0xffffffff

Linker script and memory map

LOAD c:/winavr-20090313/bin/../lib/gcc/avr/4.3.2/../../../../avr/lib/avr25/crttn45.o
LOAD TinyRC.o
LOAD fixed.o
LOAD timer.o
LOAD c:/winavr-20090313/bin/../lib/gcc/avr/4.3.2/avr25\libgcc.a
LOAD c:/winavr-20090313/bin/../lib/gcc/avr/4.3.2/../../../../avr/lib/avr25\libc.a
LOAD c:/winavr-20090313/bin/../lib/gcc/avr/4.3.2/avr25\libgcc.a

.hash
 *(.hash)

.dynsym
 *(.dynsym)

.dynstr
 *(.dynstr)

.gnu.version
 *(.gnu.version)

.gnu.version_d
 *(.gnu.version_d)

.gnu.version_r
 *(.gnu.version_r)

.rel.init
 *(.rel.init)

.rela.init
 *(.rela.init)

.rel.text
 *(.rel.text)
 *(.rel.text.*)
 *(.rel.gnu.linkonce.t*)

.rela.text
 *(.rela.text)
 *(.rela.text.*)
 *(.rela.gnu.linkonce.t*)

.rel.fini
 *(.rel.fini)

.rela.fini
 *(.rela.fini)

.rel.rodata
 *(.rel.rodata)
 *(.rel.rodata.*)
 *(.rel.gnu.linkonce.r*)

.rela.rodata
 *(.rela.rodata)
 *(.rela.rodata.*)
 *(.rela.gnu.linkonce.r*)

.rel.data
 *(.rel.data)
 *(.rel.data.*)
 *(.rel.gnu.linkonce.d*)

.rela.data
 *(.rela.data)
 *(.rela.data.*)
 *(.rela.gnu.linkonce.d*)

.rel.ctors
 *(.rel.ctors)

.rela.ctors
 *(.rela.ctors)

.rel.dtors
 *(.rel.dtors)

.rela.dtors
 *(.rela.dtors)

.rel.got
 *(.rel.got)

.rela.got
 *(.rela.got)

.rel.bss
 *(.rel.bss)

.rela.bss
 *(.rela.bss)

.rel.plt
 *(.rel.plt)

.rela.plt
 *(.rela.plt)

.text           0x00000000      0x376
 *(.vectors)
 .vectors       0x00000000       0x1e c:/winavr-20090313/bin/../lib/gcc/avr/4.3.2/../../../../avr/lib/avr25/crttn45.o
                0x00000000                __vectors
                0x00000000                __vector_default
 *(.vectors)
 *(.progmem.gcc*)
 *(.progmem*)
                0x0000001e                . = ALIGN (0x2)
                0x0000001e                __trampolines_start = .
 *(.trampolines)
 .trampolines   0x0000001e        0x0 linker stubs
 *(.trampolines*)
                0x0000001e                __trampolines_end = .
 *(.jumptables)
 *(.jumptables*)
 *(.lowtext)
 *(.lowtext*)
                0x0000001e                __ctors_start = .
 *(.ctors)
                0x0000001e                __ctors_end = .
                0x0000001e                __dtors_start = .
 *(.dtors)
                0x0000001e                __dtors_end = .
 SORT(*)(.ctors)
 SORT(*)(.dtors)
 *(.init0)
 .init0         0x0000001e        0x0 c:/winavr-20090313/bin/../lib/gcc/avr/4.3.2/../../../../avr/lib/avr25/crttn45.o
                0x0000001e                __init
 *(.init0)
 *(.init1)
 *(.init1)
 *(.init2)
 .init2         0x0000001e        0xc c:/winavr-20090313/bin/../lib/gcc/avr/4.3.2/../../../../avr/lib/avr25/crttn45.o
 *(.init2)
 *(.init3)
 *(.init3)
 *(.init4)
 .init4         0x0000002a       0x16 c:/winavr-20090313/bin/../lib/gcc/avr/4.3.2/avr25\libgcc.a(_copy_data.o)
                0x0000002a                __do_copy_data
 .init4         0x00000040       0x10 c:/winavr-20090313/bin/../lib/gcc/avr/4.3.2/avr25\libgcc.a(_clear_bss.o)
                0x00000040                __do_clear_bss
 *(.init4)
 *(.init5)
 *(.init5)
 *(.init6)
 *(.init6)
 *(.init7)
 *(.init7)
 *(.init8)
 *(.init8)
 *(.init9)
 .init9         0x00000050        0x4 c:/winavr-20090313/bin/../lib/gcc/avr/4.3.2/../../../../avr/lib/avr25/crttn45.o
 *(.init9)
 *(.text)
 .text          0x00000054        0x2 c:/winavr-20090313/bin/../lib/gcc/avr/4.3.2/../../../../avr/lib/avr25/crttn45.o
                0x00000054                __vector_1
                0x00000054                __vector_12
                0x00000054                __bad_interrupt
                0x00000054                __vector_6
                0x00000054                __vector_13
                0x00000054                __vector_7
                0x00000054                __vector_8
                0x00000054                __vector_14
 .text          0x00000056       0xfc TinyRC.o
                0x00000064                PinChangeInterrupt
                0x00000062                InitPinChange
                0x00000144                main
                0x000000fc                __vector_2
                0x00000056                LoadSettings
                0x00000058                InitPort
 .text          0x00000152        0x8 fixed.o
                0x00000152                test
                0x00000156                Test7_9
                0x00000154                Test1_7
                0x00000158                Test7_9_X
 .text          0x0000015a      0x1f4 timer.o
                0x00000202                __vector_3
                0x000001d6                Timer0_init
                0x000001c2                __vector_11
                0x00000172                __vector_5
                0x000001ee                __vector_4
                0x0000034c                Timer1_init
                0x000002f6                __vector_9
                0x0000015a                InitTimer
                0x000001ae                __vector_10
 .text          0x0000034e        0x0 c:/winavr-20090313/bin/../lib/gcc/avr/4.3.2/avr25\libgcc.a(_mulhi3.o)
 .text          0x0000034e        0x0 c:/winavr-20090313/bin/../lib/gcc/avr/4.3.2/avr25\libgcc.a(_exit.o)
 .text          0x0000034e        0x0 c:/winavr-20090313/bin/../lib/gcc/avr/4.3.2/avr25\libgcc.a(_copy_data.o)
 .text          0x0000034e        0x0 c:/winavr-20090313/bin/../lib/gcc/avr/4.3.2/avr25\libgcc.a(_clear_bss.o)
                0x0000034e                . = ALIGN (0x2)
 *(.text.*)
 .text.libgcc   0x0000034e       0x24 c:/winavr-20090313/bin/../lib/gcc/avr/4.3.2/avr25\libgcc.a(_mulhi3.o)
                0x0000034e                __mulhi3
 .text.libgcc   0x00000372        0x0 c:/winavr-20090313/bin/../lib/gcc/avr/4.3.2/avr25\libgcc.a(_exit.o)
 .text.libgcc   0x00000372        0x0 c:/winavr-20090313/bin/../lib/gcc/avr/4.3.2/avr25\libgcc.a(_copy_data.o)
 .text.libgcc   0x00000372        0x0 c:/winavr-20090313/bin/../lib/gcc/avr/4.3.2/avr25\libgcc.a(_clear_bss.o)
                0x00000372                . = ALIGN (0x2)
 *(.fini9)
 .fini9         0x00000372        0x0 c:/winavr-20090313/bin/../lib/gcc/avr/4.3.2/avr25\libgcc.a(_exit.o)
                0x00000372                exit
                0x00000372                _exit
 *(.fini9)
 *(.fini8)
 *(.fini8)
 *(.fini7)
 *(.fini7)
 *(.fini6)
 *(.fini6)
 *(.fini5)
 *(.fini5)
 *(.fini4)
 *(.fini4)
 *(.fini3)
 *(.fini3)
 *(.fini2)
 *(.fini2)
 *(.fini1)
 *(.fini1)
 *(.fini0)
 .fini0         0x00000372        0x4 c:/winavr-20090313/bin/../lib/gcc/avr/4.3.2/avr25\libgcc.a(_exit.o)
 *(.fini0)
                0x00000376                _etext = .

.data           0x00800060       0x34 load address 0x00000376
                0x00800060                PROVIDE (__data_start, .)
 *(.data)
 .data          0x00800060        0x0 c:/winavr-20090313/bin/../lib/gcc/avr/4.3.2/../../../../avr/lib/avr25/crttn45.o
 .data          0x00800060       0x34 TinyRC.o
                0x00800062                sequDelay
                0x00800084                inSequ
                0x00800074                outData
                0x00800064                inData
                0x00800060                interChDelay
                0x0080008c                outSequ
 .data          0x00800094        0x0 fixed.o
 .data          0x00800094        0x0 timer.o
 .data          0x00800094        0x0 c:/winavr-20090313/bin/../lib/gcc/avr/4.3.2/avr25\libgcc.a(_mulhi3.o)
 .data          0x00800094        0x0 c:/winavr-20090313/bin/../lib/gcc/avr/4.3.2/avr25\libgcc.a(_exit.o)
 .data          0x00800094        0x0 c:/winavr-20090313/bin/../lib/gcc/avr/4.3.2/avr25\libgcc.a(_copy_data.o)
 .data          0x00800094        0x0 c:/winavr-20090313/bin/../lib/gcc/avr/4.3.2/avr25\libgcc.a(_clear_bss.o)
 *(.data*)
 *(.rodata)
 *(.rodata*)
 *(.gnu.linkonce.d*)
                0x00800094                . = ALIGN (0x2)
                0x00800094                _edata = .
                0x00800094                PROVIDE (__data_end, .)

.bss            0x00800094       0x60
                0x00800094                PROVIDE (__bss_start, .)
 *(.bss)
 .bss           0x00800094        0x0 c:/winavr-20090313/bin/../lib/gcc/avr/4.3.2/../../../../avr/lib/avr25/crttn45.o
 .bss           0x00800094        0x6 TinyRC.o
                0x00800098                readBufferPos
                0x00800094                curCh
                0x00800095                outState
                0x00800099                inState
                0x00800096                curInCh
                0x00800097                writeBufferPos
 .bss           0x0080009a        0x0 fixed.o
 .bss           0x0080009a        0x3 timer.o
                0x0080009a                timer0Cycle
 .bss           0x0080009d        0x0 c:/winavr-20090313/bin/../lib/gcc/avr/4.3.2/avr25\libgcc.a(_mulhi3.o)
 .bss           0x0080009d        0x0 c:/winavr-20090313/bin/../lib/gcc/avr/4.3.2/avr25\libgcc.a(_exit.o)
 .bss           0x0080009d        0x0 c:/winavr-20090313/bin/../lib/gcc/avr/4.3.2/avr25\libgcc.a(_copy_data.o)
 .bss           0x0080009d        0x0 c:/winavr-20090313/bin/../lib/gcc/avr/4.3.2/avr25\libgcc.a(_clear_bss.o)
 *(.bss*)
 *(COMMON)
 COMMON         0x0080009d       0x55 TinyRC.o
                0x0080009d                timerHi
                0x0080009e                lastPCTime
                0x008000a0                timeBuffer
                0x008000a8                inPin
                0x008000b8                lastTime
                0x008000ba                ch_order_in
                0x008000c2                outBit
                0x008000ca                outPort
                0x008000da                inBit
                0x008000e2                ch_order_out
                0x008000ea                pinBuffer
 COMMON         0x008000f2        0x2 timer.o
                0x008000f2                lastTimerVal
                0x008000f4                PROVIDE (__bss_end, .)
                0x00000376                __data_load_start = LOADADDR (.data)
                0x000003aa                __data_load_end = (__data_load_start + SIZEOF (.data))

.noinit         0x008000f4        0x0
                0x008000f4                PROVIDE (__noinit_start, .)
 *(.noinit*)
                0x008000f4                PROVIDE (__noinit_end, .)
                0x008000f4                _end = .
                0x008000f4                PROVIDE (__heap_start, .)

.eeprom         0x00810000        0x0
 *(.eeprom*)
                0x00810000                __eeprom_end = .

.fuse
 *(.fuse)
 *(.lfuse)
 *(.hfuse)
 *(.efuse)

.lock
 *(.lock*)

.signature
 *(.signature*)

.stab
 *(.stab)

.stabstr
 *(.stabstr)

.stab.excl
 *(.stab.excl)

.stab.exclstr
 *(.stab.exclstr)

.stab.index
 *(.stab.index)

.stab.indexstr
 *(.stab.indexstr)

.comment
 *(.comment)

.debug
 *(.debug)

.line
 *(.line)

.debug_srcinfo
 *(.debug_srcinfo)

.debug_sfnames
 *(.debug_sfnames)

.debug_aranges  0x00000000       0x60
 *(.debug_aranges)
 .debug_aranges
                0x00000000       0x20 TinyRC.o
 .debug_aranges
                0x00000020       0x20 fixed.o
 .debug_aranges
                0x00000040       0x20 timer.o

.debug_pubnames
                0x00000000      0x2a1
 *(.debug_pubnames)
 .debug_pubnames
                0x00000000      0x1a3 TinyRC.o
 .debug_pubnames
                0x000001a3       0x41 fixed.o
 .debug_pubnames
                0x000001e4       0xbd timer.o

.debug_info     0x00000000      0x7bb
 *(.debug_info)
 .debug_info    0x00000000      0x34d TinyRC.o
 .debug_info    0x0000034d      0x218 fixed.o
 .debug_info    0x00000565      0x256 timer.o
 *(.gnu.linkonce.wi.*)

.debug_abbrev   0x00000000      0x2da
 *(.debug_abbrev)
 .debug_abbrev  0x00000000      0x110 TinyRC.o
 .debug_abbrev  0x00000110       0xcf fixed.o
 .debug_abbrev  0x000001df       0xfb timer.o

.debug_line     0x00000000      0x4c1
 *(.debug_line)
 .debug_line    0x00000000      0x1b4 TinyRC.o
 .debug_line    0x000001b4       0xd3 fixed.o
 .debug_line    0x00000287      0x23a timer.o

.debug_frame    0x00000000      0x160
 *(.debug_frame)
 .debug_frame   0x00000000       0x70 TinyRC.o
 .debug_frame   0x00000070       0x50 fixed.o
 .debug_frame   0x000000c0       0xa0 timer.o

.debug_str      0x00000000      0x2f9
 *(.debug_str)
 .debug_str     0x00000000      0x1ba TinyRC.o
                                0x1ee (size before relaxing)
 .debug_str     0x000001ba       0x85 fixed.o
                                0x132 (size before relaxing)
 .debug_str     0x0000023f       0xba timer.o
                                0x1a4 (size before relaxing)

.debug_loc      0x00000000       0xbe
 *(.debug_loc)
 .debug_loc     0x00000000       0x13 TinyRC.o
 .debug_loc     0x00000013       0xab timer.o

.debug_macinfo
 *(.debug_macinfo)
OUTPUT(TinyRC.elf elf32-avr)
LOAD linker stubs
